# monitor.sh samples around drop 11: 4.5 W idle -> 45 W in 6 s, carrier lost at the top of the ramp, PHY temp 42 C then -1 (MMIO dead), recovered by PCI rescan 50 s later. mW = package power.
t=2026-08-29T21:06:50 load=2.41 mW=4521 mhz=2224 cpu=41C phy=43C mac=43C nvme=32C | eno1 carrier=1 speed=2500 op=up ping=ok lnk=1014 vid=1d6a drops=5
t=2026-08-29T21:06:52 load=2.22 mW=4337 mhz=1291 cpu=41C phy=42C mac=42C nvme=32C | eno1 carrier=1 speed=2500 op=up ping=ok lnk=1014 vid=1d6a drops=5
t=2026-08-29T21:06:54 load=2.22 mW=4563 mhz=1268 cpu=41C phy=42C mac=42C nvme=32C | eno1 carrier=1 speed=2500 op=up ping=ok lnk=1014 vid=1d6a drops=5
t=2026-08-29T21:06:57 load=2.04 mW=4376 mhz=1964 cpu=41C phy=42C mac=42C nvme=32C | eno1 carrier=1 speed=2500 op=up ping=ok lnk=1014 vid=1d6a drops=5
t=2026-08-29T21:06:59 load=2.04 mW=14078 mhz=2200 cpu=43C phy=42C mac=42C nvme=32C | eno1 carrier=1 speed=2500 op=up ping=ok lnk=1014 vid=1d6a drops=5
t=2026-08-29T21:07:01 load=2.52 mW=26210 mhz=2247 cpu=51C phy=42C mac=42C nvme=32C | eno1 carrier=1 speed=2500 op=up ping=ok lnk=1014 vid=1d6a drops=5
t=2026-08-29T21:07:03 load=2.52 mW=44930 mhz=2823 cpu=60C phy=-1C mac=-1C nvme=32C | eno1 carrier=1 speed=2500 op=up ping=FAIL lnk=1014 vid=1d6a drops=6
t=2026-08-29T21:07:06 load=2.95 mW=47497 mhz=2727 cpu=62C phy=-1C mac=-1C nvme=32C | eno1 carrier=0 speed=0 op=down ping=FAIL lnk=1014 vid=1d6a drops=6
t=2026-08-29T21:07:09 load=2.95 mW=48295 mhz=1397 cpu=56C phy=-1C mac=-1C nvme=32C | eno1 carrier=0 speed=0 op=down ping=FAIL lnk=1014 vid=1d6a drops=6
t=2026-08-29T21:07:12 load=2.72 mW=4323 mhz=1365 cpu=47C phy=-1C mac=-1C nvme=32C | eno1 carrier=0 speed=0 op=down ping=FAIL lnk=1014 vid=1d6a drops=6
t=2026-08-29T21:07:15 load=2.72 mW=4306 mhz=1162 cpu=44C phy=-1C mac=-1C nvme=32C | eno1 carrier=0 speed=0 op=down ping=FAIL lnk=1014 vid=1d6a drops=6
t=2026-08-29T21:07:18 load=2.50 mW=4159 mhz=1412 cpu=44C phy=-1C mac=-1C nvme=32C | eno1 carrier=- speed=- op=down ping=FAIL lnk=1014 vid=1d6a drops=6
t=2026-08-29T21:07:21 load=2.50 mW=4095 mhz=1532 cpu=43C phy=-1C mac=-1C nvme=32C | eno1 carrier=- speed=- op=down ping=FAIL lnk=1014 vid=1d6a drops=6
t=2026-08-29T21:07:23 load=2.54 mW=4267 mhz=1571 cpu=43C phy=-1C mac=-1C nvme=32C | eno1 carrier=- speed=- op=down ping=FAIL lnk=1014 vid=1d6a drops=6
t=2026-08-29T21:07:25 load=2.54 mW=4660 mhz=1163 cpu=43C phy=-1C mac=-1C nvme=32C | eno1 carrier=- speed=- op=down ping=FAIL lnk=1014 vid=1d6a drops=6
t=2026-08-29T21:07:27 load=2.34 mW=4284 mhz=1108 cpu=42C phy=-1C mac=-1C nvme=32C | eno1 carrier=- speed=- op=down ping=FAIL lnk=1014 vid=1d6a drops=6
t=2026-08-29T21:07:29 load=2.34 mW=4491 mhz=1455 cpu=42C phy=-1C mac=-1C nvme=32C | eno1 carrier=- speed=- op=down ping=FAIL lnk=1014 vid=1d6a drops=6
t=2026-08-29T21:07:31 load=2.15 mW=4536 mhz=1488 cpu=42C phy=-1C mac=-1C nvme=32C | eno1 carrier=- speed=- op=down ping=FAIL lnk=1014 vid=1d6a drops=6
t=2026-08-29T21:07:33 load=2.15 mW=4506 mhz=1522 cpu=42C phy=-1C mac=-1C nvme=32C | eno1 carrier=- speed=- op=down ping=FAIL lnk=1014 vid=1d6a drops=6
t=2026-08-29T21:07:36 load=2.15 mW=4762 mhz=1942 cpu=41C phy=-1C mac=-1C nvme=32C | eno1 carrier=- speed=- op=down ping=FAIL lnk=1014 vid=1d6a drops=6
t=2026-08-29T21:07:38 load=1.98 mW=4509 mhz=1423 cpu=41C phy=-1C mac=-1C nvme=32C | eno1 carrier=- speed=- op=down ping=FAIL lnk=1014 vid=1d6a drops=6
t=2026-08-29T21:07:40 load=1.98 mW=4482 mhz=2507 cpu=41C phy=-C mac=-C nvme=32C | eno1 carrier=- speed=- op=- ping=FAIL lnk= vid= drops=6
t=2026-08-29T21:07:42 load=1.82 mW=4509 mhz=1519 cpu=41C phy=-C mac=-C nvme=32C | eno1 carrier=- speed=- op=- ping=FAIL lnk= vid= drops=6
t=2026-08-29T21:07:44 load=1.82 mW=4889 mhz=2055 cpu=41C phy=39C mac=39C nvme=32C | eno1 carrier=0 speed=0 op=down ping=FAIL lnk=1014 vid=1d6a drops=6
t=2026-08-29T21:07:47 load=1.67 mW=4487 mhz=1826 cpu=41C phy=39C mac=39C nvme=32C | eno1 carrier=0 speed=0 op=down ping=FAIL lnk=1014 vid=1d6a drops=6
t=2026-08-29T21:07:50 load=1.67 mW=4668 mhz=1504 cpu=40C phy=42C mac=42C nvme=32C | eno1 carrier=0 speed=0 op=down ping=FAIL lnk=1014 vid=1d6a drops=6
t=2026-08-29T21:07:53 load=1.54 mW=4585 mhz=1251 cpu=40C phy=42C mac=42C nvme=32C | eno1 carrier=1 speed=2500 op=up ping=ok lnk=1014 vid=1d6a drops=6
t=2026-08-29T21:07:55 load=1.54 mW=4496 mhz=1371 cpu=40C phy=42C mac=42C nvme=32C | eno1 carrier=1 speed=2500 op=up ping=ok lnk=1014 vid=1d6a drops=6
t=2026-08-29T21:07:58 load=1.41 mW=4586 mhz=1211 cpu=40C phy=42C mac=42C nvme=32C | eno1 carrier=1 speed=2500 op=up ping=ok lnk=1014 vid=1d6a drops=6
